return
object
position
the
positions
move
by
one
position
lao
