help
helpful
everything
bummer
everytime
why
does
tired
grate
grateful
hey
there
