If
is
of
on
and
the
Java
List
also
list
that
type
lists
unclear
Assuming
actually
question
slightly
available
