a
be
care
cate
does
duplicate
file
for
is
lines
lot
memory
more
not
number
of
once
required
should
so
special
take
than
that
the
unique
use
what
with
