Hey
I'm
Rock
and
Don't
Any
Good
There
A
Star
I
Care
Way
Bye
